July 17,2016 —— 2.26% errors
